<?xml version="1.0" encoding="UTF-8"?>
<TestRun id="a2e0ab85-021c-4c28-9497-29d7a2b908b7" name="astor@DESKTOP-AEIC0BN 2018-11-23 02:27:10" runUser="DESKTOP-AEIC0BN\astor" xmlns="http://microsoft.com/schemas/VisualStudio/TeamTest/2010">
  <TestSettings name="Local" id="2ec18f55-7965-4b69-bb9c-6f4ca98ba18a">
    <Description>These are default test settings for a local test run.</Description>
    <Deployment enabled="false" runDeploymentRoot="astor_DESKTOP-AEIC0BN 2018-11-23 02_27_10">
      <DeploymentItem filename="C:\Users\astor\PexResearchTools\codeSimilarity\editedMetaProject\bin\Debug\meta_project1525456207.dll" />
    </Deployment>
    <Execution>
      <TestTypeSpecific />
      <AgentRule name="Execution Agents">
      </AgentRule>
    </Execution>
  </TestSettings>
  <Times creation="2018-11-23T02:27:10.7995079-06:00" queuing="2018-11-23T02:27:10.8613425-06:00" start="2018-11-23T02:27:10.8653326-06:00" finish="2018-11-23T02:27:11.1166633-06:00" />
  <ResultSummary outcome="Completed">
    <Counters total="1" executed="1" passed="1" error="0" failed="0" timeout="0" aborted="0" inconclusive="0" passedButRunAborted="0" notRunnable="0" notExecuted="0" disconnected="0" warning="0" completed="0" inProgress="0" pending="0" />
  </ResultSummary>
  <TestDefinitions>
    <UnitTest name="AllElementsInListAreNOTDistinctWithZeros" storage="c:\users\astor\pexresearchtools\codesimilarity\editedmetaproject\testproject1\bin\debug\testproject1.dll" id="2059a2e7-ed70-2a68-a970-f51b9f4caa20">
      <Execution id="db6585d5-21c5-449d-9e58-a941f3a868e1" />
      <TestMethod codeBase="C:/Users/astor/PexResearchTools/codeSimilarity/editedMetaProject/TestProject1/bin/Debug/TestProject1.DLL" adapterTypeName="Microsoft.VisualStudio.TestTools.TestTypes.Unit.UnitTestAdapter, Microsoft.VisualStudio.QualityTools.Tips.UnitTest.Adapter, Version=10.0.0.0, Culture=neutral, PublicKeyToken=b03f5f7f11d50a3a" className="TestProject1.UnitTest1, TestProject1, Version=1.0.0.0, Culture=neutral, PublicKeyToken=null" name="AllElementsInListAreNOTDistinctWithZeros" />
    </UnitTest>
  </TestDefinitions>
  <TestLists>
    <TestList name="Results Not in a List" id="8c84fa94-04c1-424b-9868-57a2d4851a1d" />
    <TestList name="All Loaded Results" id="19431567-8539-422a-85d7-44ee4e166bda" />
  </TestLists>
  <TestEntries>
    <TestEntry testId="2059a2e7-ed70-2a68-a970-f51b9f4caa20" executionId="db6585d5-21c5-449d-9e58-a941f3a868e1" testListId="8c84fa94-04c1-424b-9868-57a2d4851a1d" />
  </TestEntries>
  <Results>
    <UnitTestResult executionId="db6585d5-21c5-449d-9e58-a941f3a868e1" testId="2059a2e7-ed70-2a68-a970-f51b9f4caa20" testName="AllElementsInListAreNOTDistinctWithZeros" computerName="DESKTOP-AEIC0BN" duration="00:00:00.0125112" startTime="2018-11-23T02:27:10.8673368-06:00" endTime="2018-11-23T02:27:11.1066872-06:00" testType="13cdc9d9-ddb5-4fa4-a97d-d965ccfc6d4b" outcome="Passed" testListId="8c84fa94-04c1-424b-9868-57a2d4851a1d" relativeResultsDirectory="db6585d5-21c5-449d-9e58-a941f3a868e1">
    </UnitTestResult>
  </Results>
</TestRun>