<?xml version="1.0" encoding="UTF-8"?>
<TestRun id="e2e91151-09b7-4784-9655-bd35f08ec1c2" name="astor@DESKTOP-AEIC0BN 2018-11-23 01:57:17" runUser="DESKTOP-AEIC0BN\astor" xmlns="http://microsoft.com/schemas/VisualStudio/TeamTest/2010">
  <TestSettings name="Local" id="2ec18f55-7965-4b69-bb9c-6f4ca98ba18a">
    <Description>These are default test settings for a local test run.</Description>
    <Deployment enabled="false" runDeploymentRoot="astor_DESKTOP-AEIC0BN 2018-11-23 01_57_17">
      <DeploymentItem filename="C:\Users\astor\PexResearchTools\codeSimilarity\editedMetaProject\bin\Debug\meta_project1525456207.dll" />
    </Deployment>
    <Execution>
      <TestTypeSpecific />
      <AgentRule name="Execution Agents">
      </AgentRule>
    </Execution>
  </TestSettings>
  <Times creation="2018-11-23T01:57:17.6798603-06:00" queuing="2018-11-23T01:57:17.7434111-06:00" start="2018-11-23T01:57:17.7483877-06:00" finish="2018-11-23T01:57:17.9777751-06:00" />
  <ResultSummary outcome="Completed">
    <Counters total="1" executed="1" passed="1" error="0" failed="0" timeout="0" aborted="0" inconclusive="0" passedButRunAborted="0" notRunnable="0" notExecuted="0" disconnected="0" warning="0" completed="0" inProgress="0" pending="0" />
  </ResultSummary>
  <TestDefinitions>
    <UnitTest name="AllElementsInListAreNOTDistinctWithZeros" storage="c:\users\astor\pexresearchtools\codesimilarity\editedmetaproject\testproject1\bin\debug\testproject1.dll" id="2059a2e7-ed70-2a68-a970-f51b9f4caa20">
      <Execution id="8a39d534-6f2f-4bf4-86b8-100278544e6c" />
      <TestMethod codeBase="C:/Users/astor/PexResearchTools/codeSimilarity/editedMetaProject/TestProject1/bin/Debug/TestProject1.DLL" adapterTypeName="Microsoft.VisualStudio.TestTools.TestTypes.Unit.UnitTestAdapter, Microsoft.VisualStudio.QualityTools.Tips.UnitTest.Adapter, Version=10.0.0.0, Culture=neutral, PublicKeyToken=b03f5f7f11d50a3a" className="TestProject1.UnitTest1, TestProject1, Version=1.0.0.0, Culture=neutral, PublicKeyToken=null" name="AllElementsInListAreNOTDistinctWithZeros" />
    </UnitTest>
  </TestDefinitions>
  <TestLists>
    <TestList name="Results Not in a List" id="8c84fa94-04c1-424b-9868-57a2d4851a1d" />
    <TestList name="All Loaded Results" id="19431567-8539-422a-85d7-44ee4e166bda" />
  </TestLists>
  <TestEntries>
    <TestEntry testId="2059a2e7-ed70-2a68-a970-f51b9f4caa20" executionId="8a39d534-6f2f-4bf4-86b8-100278544e6c" testListId="8c84fa94-04c1-424b-9868-57a2d4851a1d" />
  </TestEntries>
  <Results>
    <UnitTestResult executionId="8a39d534-6f2f-4bf4-86b8-100278544e6c" testId="2059a2e7-ed70-2a68-a970-f51b9f4caa20" testName="AllElementsInListAreNOTDistinctWithZeros" computerName="DESKTOP-AEIC0BN" duration="00:00:00.0118866" startTime="2018-11-23T01:57:17.7503812-06:00" endTime="2018-11-23T01:57:17.9688297-06:00" testType="13cdc9d9-ddb5-4fa4-a97d-d965ccfc6d4b" outcome="Passed" testListId="8c84fa94-04c1-424b-9868-57a2d4851a1d" relativeResultsDirectory="8a39d534-6f2f-4bf4-86b8-100278544e6c">
      <Output>
        <DebugTrace>here
</DebugTrace>
      </Output>
    </UnitTestResult>
  </Results>
</TestRun>